// Jest Snapshot v1, https://goo.gl/fbAQLP

exports[`OrdersView.vue When component is mounted is manager checks content of order tables 1`] = `
<table role="table" aria-busy="false" aria-colcount="7" class="table b-table table-striped order-table container-fluid" id="__BVID__136">
  <!---->
  <!---->
  <thead role="rowgroup" class="">
    <!---->
    <tr role="row" class="">
      <th role="columnheader" scope="col" tabindex="0" aria-colindex="1" aria-label="Actions" class="td-actions"></th>
      <th role="columnheader" scope="col" tabindex="0" aria-colindex="2" aria-label="Click to sort Ascending" aria-sort="none" class="td-title">lifelines-webshop-orders-col-header-title</th>
      <th role="columnheader" scope="col" tabindex="0" aria-colindex="3" aria-label="Click to sort Ascending" aria-sort="none" class="td-email">lifelines-webshop-orders-col-header-email</th>
      <th role="columnheader" scope="col" tabindex="0" aria-colindex="4" aria-label="Click to sort Ascending" aria-sort="none" class="td-project">lifelines-webshop-orders-col-header-project</th>
      <th role="columnheader" scope="col" tabindex="0" aria-colindex="5" aria-label="Click to sort Ascending" aria-sort="none" class="td-order">lifelines-webshop-orders-col-header-order</th>
      <th role="columnheader" scope="col" tabindex="0" aria-colindex="6" aria-label="Click to sort Ascending" aria-sort="none" class="td-submitted">lifelines-webshop-orders-col-header-sub-date</th>
      <th role="columnheader" scope="col" tabindex="0" aria-colindex="7" aria-label="Click to sort Ascending" aria-sort="none" class="td-state">lifelines-webshop-orders-col-header-state</th>
    </tr>
  </thead>
  <tbody role="rowgroup">
    <!---->
    <tr role="row" class="">
      <td aria-colindex="1" role="cell" class="td-actions"><button class="btn btn-secondary ml-2"><svg aria-hidden="true" focusable="false" data-prefix="fas" data-icon="edit" role="img" xmlns="http://www.w3.org/2000/svg" viewBox="0 0 576 512" aria-label="edit" class="svg-inline--fa fa-edit fa-w-18">
            <path fill="currentColor" d="M402.6 83.2l90.2 90.2c3.8 3.8 3.8 10 0 13.8L274.4 405.6l-92.8 10.3c-12.4 1.4-22.9-9.1-21.5-21.5l10.3-92.8L388.8 83.2c3.8-3.8 10-3.8 13.8 0zm162-22.9l-48.8-48.8c-15.2-15.2-39.9-15.2-55.2 0l-35.4 35.4c-3.8 3.8-3.8 10 0 13.8l90.2 90.2c3.8 3.8 10 3.8 13.8 0l35.4-35.4c15.2-15.3 15.2-40 0-55.2zM384 346.2V448H64V128h229.8c3.2 0 6.2-1.3 8.5-3.5l40-40c7.6-7.6 2.2-20.5-8.5-20.5H48C21.5 64 0 85.5 0 112v352c0 26.5 21.5 48 48 48h352c26.5 0 48-21.5 48-48V306.2c0-10.7-12.9-16-20.5-8.5l-40 40c-2.2 2.3-3.5 5.3-3.5 8.5z" class=""></path>
          </svg></button> <button type="button" class="btn btn-secondary copy-btn ml-2"><svg aria-hidden="true" focusable="false" data-prefix="fas" data-icon="copy" role="img" xmlns="http://www.w3.org/2000/svg" viewBox="0 0 448 512" aria-label="copy" class="svg-inline--fa fa-copy fa-w-14">
            <path fill="currentColor" d="M320 448v40c0 13.255-10.745 24-24 24H24c-13.255 0-24-10.745-24-24V120c0-13.255 10.745-24 24-24h72v296c0 30.879 25.121 56 56 56h168zm0-344V0H152c-13.255 0-24 10.745-24 24v368c0 13.255 10.745 24 24 24h272c13.255 0 24-10.745 24-24V128H344c-13.2 0-24-10.8-24-24zm120.971-31.029L375.029 7.029A24 24 0 0 0 358.059 0H352v96h96v-6.059a24 24 0 0 0-7.029-16.97z" class=""></path>
          </svg></button> <button class="btn btn-danger t-btn-order-delete ml-2"><svg aria-hidden="true" focusable="false" data-prefix="fas" data-icon="trash" role="img" xmlns="http://www.w3.org/2000/svg" viewBox="0 0 448 512" aria-label="delete" class="svg-inline--fa fa-trash fa-w-14">
            <path fill="currentColor" d="M432 32H312l-9.4-18.7A24 24 0 0 0 281.1 0H166.8a23.72 23.72 0 0 0-21.4 13.3L136 32H16A16 16 0 0 0 0 48v32a16 16 0 0 0 16 16h416a16 16 0 0 0 16-16V48a16 16 0 0 0-16-16zM53.2 467a48 48 0 0 0 47.9 45h245.8a48 48 0 0 0 47.9-45L416 128H32z" class=""></path>
          </svg></button></td>
      <td aria-colindex="2" role="cell" class="td-title"></td>
      <td aria-colindex="3" role="cell" class="td-email"></td>
      <td aria-colindex="4" role="cell" class="td-project"></td>
      <td aria-colindex="5" role="cell" class="td-order">
        edcba<br>
        <!---->
      </td>
      <td aria-colindex="6" role="cell" class="td-submitted"><span></span></td>
      <td aria-colindex="7" role="cell" class="td-state">
        <div class="c-dropdown dropdown dropdown-update-state"><button type="button" data-toggle="dropdown" aria-haspopup="true" aria-expanded="false" class="btn dropdown-toggle btn-block btn-small btn-secondary">lifelines-webshop-state-draft</button>
          <div class="dropdown-menu"><a class="dropdown-item">lifelines-webshop-state-draft
            </a><a class="dropdown-item">lifelines-webshop-state-rejected
            </a><a class="dropdown-item">lifelines-webshop-state-submitted
            </a><a class="dropdown-item">lifelines-webshop-state-approved
            </a></div>
        </div>
      </td>
    </tr>
    <tr role="row" class="">
      <td aria-colindex="1" role="cell" class="td-actions"><button class="btn btn-secondary ml-2"><svg aria-hidden="true" focusable="false" data-prefix="fas" data-icon="edit" role="img" xmlns="http://www.w3.org/2000/svg" viewBox="0 0 576 512" aria-label="edit" class="svg-inline--fa fa-edit fa-w-18">
            <path fill="currentColor" d="M402.6 83.2l90.2 90.2c3.8 3.8 3.8 10 0 13.8L274.4 405.6l-92.8 10.3c-12.4 1.4-22.9-9.1-21.5-21.5l10.3-92.8L388.8 83.2c3.8-3.8 10-3.8 13.8 0zm162-22.9l-48.8-48.8c-15.2-15.2-39.9-15.2-55.2 0l-35.4 35.4c-3.8 3.8-3.8 10 0 13.8l90.2 90.2c3.8 3.8 10 3.8 13.8 0l35.4-35.4c15.2-15.3 15.2-40 0-55.2zM384 346.2V448H64V128h229.8c3.2 0 6.2-1.3 8.5-3.5l40-40c7.6-7.6 2.2-20.5-8.5-20.5H48C21.5 64 0 85.5 0 112v352c0 26.5 21.5 48 48 48h352c26.5 0 48-21.5 48-48V306.2c0-10.7-12.9-16-20.5-8.5l-40 40c-2.2 2.3-3.5 5.3-3.5 8.5z" class=""></path>
          </svg></button> <button type="button" class="btn btn-secondary copy-btn ml-2"><svg aria-hidden="true" focusable="false" data-prefix="fas" data-icon="copy" role="img" xmlns="http://www.w3.org/2000/svg" viewBox="0 0 448 512" aria-label="copy" class="svg-inline--fa fa-copy fa-w-14">
            <path fill="currentColor" d="M320 448v40c0 13.255-10.745 24-24 24H24c-13.255 0-24-10.745-24-24V120c0-13.255 10.745-24 24-24h72v296c0 30.879 25.121 56 56 56h168zm0-344V0H152c-13.255 0-24 10.745-24 24v368c0 13.255 10.745 24 24 24h272c13.255 0 24-10.745 24-24V128H344c-13.2 0-24-10.8-24-24zm120.971-31.029L375.029 7.029A24 24 0 0 0 358.059 0H352v96h96v-6.059a24 24 0 0 0-7.029-16.97z" class=""></path>
          </svg></button> <button class="btn btn-danger t-btn-order-delete ml-2"><svg aria-hidden="true" focusable="false" data-prefix="fas" data-icon="trash" role="img" xmlns="http://www.w3.org/2000/svg" viewBox="0 0 448 512" aria-label="delete" class="svg-inline--fa fa-trash fa-w-14">
            <path fill="currentColor" d="M432 32H312l-9.4-18.7A24 24 0 0 0 281.1 0H166.8a23.72 23.72 0 0 0-21.4 13.3L136 32H16A16 16 0 0 0 0 48v32a16 16 0 0 0 16 16h416a16 16 0 0 0 16-16V48a16 16 0 0 0-16-16zM53.2 467a48 48 0 0 0 47.9 45h245.8a48 48 0 0 0 47.9-45L416 128H32z" class=""></path>
          </svg></button></td>
      <td aria-colindex="2" role="cell" class="td-title">My draft order</td>
      <td aria-colindex="3" role="cell" class="td-email"></td>
      <td aria-colindex="4" role="cell" class="td-project"></td>
      <td aria-colindex="5" role="cell" class="td-order">
        abcde<br> <a href="https://lifelines.test.molgenis.org/files/aaaac3rcetmgfmudsodb3laaay">
          Motivation.pdf <svg aria-hidden="true" focusable="false" data-prefix="fas" data-icon="download" role="img" xmlns="http://www.w3.org/2000/svg" viewBox="0 0 512 512" aria-label="download" class="svg-inline--fa fa-download fa-w-16">
            <path fill="currentColor" d="M216 0h80c13.3 0 24 10.7 24 24v168h87.7c17.8 0 26.7 21.5 14.1 34.1L269.7 378.3c-7.5 7.5-19.8 7.5-27.3 0L90.1 226.1c-12.6-12.6-3.7-34.1 14.1-34.1H192V24c0-13.3 10.7-24 24-24zm296 376v112c0 13.3-10.7 24-24 24H24c-13.3 0-24-10.7-24-24V376c0-13.3 10.7-24 24-24h146.7l49 49c20.1 20.1 52.5 20.1 72.6 0l49-49H488c13.3 0 24 10.7 24 24zm-124 88c0-11-9-20-20-20s-20 9-20 20 9 20 20 20 20-9 20-20zm64 0c0-11-9-20-20-20s-20 9-20 20 9 20 20 20 20-9 20-20z" class=""></path>
          </svg></a></td>
      <td aria-colindex="6" role="cell" class="td-submitted"><span></span></td>
      <td aria-colindex="7" role="cell" class="td-state">
        <div class="c-dropdown dropdown dropdown-update-state"><button type="button" data-toggle="dropdown" aria-haspopup="true" aria-expanded="false" class="btn dropdown-toggle btn-block btn-small btn-primary">lifelines-webshop-state-submitted</button>
          <div class="dropdown-menu"><a class="dropdown-item">lifelines-webshop-state-draft
            </a><a class="dropdown-item">lifelines-webshop-state-rejected
            </a><a class="dropdown-item">lifelines-webshop-state-submitted
            </a><a class="dropdown-item">lifelines-webshop-state-approved
            </a></div>
        </div>
      </td>
    </tr>
    <!---->
    <!---->
  </tbody>
  <!---->
</table>
`;
